------------------------------------------------------------
Timing Analyzer Summary
------------------------------------------------------------

Type  : Slow 1100mV 85C Model Setup 'clk'
Slack : -0.817
TNS   : -3.727

Type  : Slow 1100mV 85C Model Hold 'clk'
Slack : 0.307
TNS   : 0.000

Type  : Slow 1100mV 85C Model Minimum Pulse Width 'clk'
Slack : -0.724
TNS   : -6.577

Type  : Slow 1100mV 0C Model Setup 'clk'
Slack : -0.814
TNS   : -3.250

Type  : Slow 1100mV 0C Model Hold 'clk'
Slack : 0.351
TNS   : 0.000

Type  : Slow 1100mV 0C Model Minimum Pulse Width 'clk'
Slack : -0.724
TNS   : -5.900

Type  : Fast 1100mV 85C Model Setup 'clk'
Slack : 0.268
TNS   : 0.000

Type  : Fast 1100mV 85C Model Hold 'clk'
Slack : 0.175
TNS   : 0.000

Type  : Fast 1100mV 85C Model Minimum Pulse Width 'clk'
Slack : -0.058
TNS   : -0.286

Type  : Fast 1100mV 0C Model Setup 'clk'
Slack : 0.342
TNS   : 0.000

Type  : Fast 1100mV 0C Model Hold 'clk'
Slack : 0.186
TNS   : 0.000

Type  : Fast 1100mV 0C Model Minimum Pulse Width 'clk'
Slack : -0.080
TNS   : -0.394

------------------------------------------------------------
