------------------------------------------------------------
Timing Analyzer Summary
------------------------------------------------------------

Type  : Slow 1100mV 85C Model Setup 'clk'
Slack : -0.474
TNS   : -1.308

Type  : Slow 1100mV 85C Model Hold 'clk'
Slack : 0.322
TNS   : 0.000

Type  : Slow 1100mV 85C Model Minimum Pulse Width 'clk'
Slack : -0.724
TNS   : -3.323

Type  : Slow 1100mV 0C Model Setup 'clk'
Slack : -0.519
TNS   : -1.448

Type  : Slow 1100mV 0C Model Hold 'clk'
Slack : 0.300
TNS   : 0.000

Type  : Slow 1100mV 0C Model Minimum Pulse Width 'clk'
Slack : -0.724
TNS   : -3.380

Type  : Fast 1100mV 85C Model Setup 'clk'
Slack : 0.384
TNS   : 0.000

Type  : Fast 1100mV 85C Model Hold 'clk'
Slack : 0.150
TNS   : 0.000

Type  : Fast 1100mV 85C Model Minimum Pulse Width 'clk'
Slack : -0.079
TNS   : -0.236

Type  : Fast 1100mV 0C Model Setup 'clk'
Slack : 0.414
TNS   : 0.000

Type  : Fast 1100mV 0C Model Hold 'clk'
Slack : 0.135
TNS   : 0.000

Type  : Fast 1100mV 0C Model Minimum Pulse Width 'clk'
Slack : -0.080
TNS   : -0.238

------------------------------------------------------------
